C:\Users\Eduar\OneDrive - Invest.E.S.S\16 - Automate\file-manager\file-manager\functions\src\index.ts\nL22: 'context' is defined but never used.\nC:\Users\Eduar\OneDrive - Invest.E.S.S\16 - Automate\file-manager\file-manager\src\app\actions\actions-utils.ts\nL38: 'fileName' is defined but never used.\nL234: Unnecessary escape character: \/.\nL234: Unnecessary escape character: \..\nL378: '_year' is assigned a value but never used.\nL378: '_month' is assigned a value but never used.\nL378: '_day' is assigned a value but never used.\nC:\Users\Eduar\OneDrive - Invest.E.S.S\16 - Automate\file-manager\file-manager\src\app\actions\import-cco-actions.ts\nL162: 'DailyKey' is defined but never used.\nC:\Users\Eduar\OneDrive - Invest.E.S.S\16 - Automate\file-manager\file-manager\src\app\actions\import-coordenador-actions.ts\nL226: 'rightPrefix' is defined but never used.\nC:\Users\Eduar\OneDrive - Invest.E.S.S\16 - Automate\file-manager\file-manager\src\app\actions\import-devolucoes-actions.ts\nL127: Unnecessary escape character: \/.\nL127: Unnecessary escape character: \-.\nL127: Unnecessary escape character: \/.\nL127: Unnecessary escape character: \-.\nL133: Unnecessary escape character: \/.\nL133: Unnecessary escape character: \-.\nL133: Unnecessary escape character: \/.\nL133: Unnecessary escape character: \-.\nL142: Unnecessary escape character: \/.\nC:\Users\Eduar\OneDrive - Invest.E.S.S\16 - Automate\file-manager\file-manager\src\app\actions\import-entregas-action.ts\nL206: 'totalRegistros' is assigned a value but never used.\nC:\Users\Eduar\OneDrive - Invest.E.S.S\16 - Automate\file-manager\file-manager\src\app\actions\import-faturista-actions.ts\nL8: 'PROCESSO_CINTAS' is assigned a value but never used.\nL9: 'PROCESSO_LIBERACAO' is assigned a value but never used.\nC:\Users\Eduar\OneDrive - Invest.E.S.S\16 - Automate\file-manager\file-manager\src\app\actions\import-mercanete-roadshow-actions.ts\nL5: 'isEqual' is defined but never used.\nL22: 'year' is defined but never used.\nL22: 'month' is defined but never used.\nC:\Users\Eduar\OneDrive - Invest.E.S.S\16 - Automate\file-manager\file-manager\src\app\actions\import-performaxxi-actions.ts\nL192: 'colEmpresa' is assigned a value but never used.\nC:\Users\Eduar\OneDrive - Invest.E.S.S\16 - Automate\file-manager\file-manager\src\app\actions\import-ponto-actions.ts\nL175: '_score' is defined but never used.\nL343: 'iso' is assigned a value but never used.\nC:\Users\Eduar\OneDrive - Invest.E.S.S\16 - Automate\file-manager\file-manager\src\app\actions\import-retorno-pedidos-ul-actions.ts\nL214: Expected an assignment or function call and instead saw an expression.\nL225: Expected an assignment or function call and instead saw an expression.\nL235: Expected an assignment or function call and instead saw an expression.\nL350: '_tag' is defined but never used.\nC:\Users\Eduar\OneDrive - Invest.E.S.S\16 - Automate\file-manager\file-manager\src\app\actions\import-roadshow-actions.ts\nL176: 'TempoProdKey' is defined but never used.\nC:\Users\Eduar\OneDrive - Invest.E.S.S\16 - Automate\file-manager\file-manager\src\app\actions\update-faturamento-action.ts\nL3: 'Timestamp' is defined but never used.\nL121: Unnecessary escape character: \..\nC:\Users\Eduar\OneDrive - Invest.E.S.S\16 - Automate\file-manager\file-manager\src\components\mode-toggle.tsx\nL13: 'theme' is assigned a value but never used.\nC:\Users\Eduar\OneDrive - Invest.E.S.S\16 - Automate\file-manager\file-manager\src\components\pipeline\FechamentoDiario.tsx\nL23: 'JSX' is defined but never used.\nL28: 'Truck' is defined but never used.\nL28: 'Package' is defined but never used.\nL28: 'Weight' is defined but never used.\nL28: 'Route' is defined but never used.\nL28: 'TrendingUp' is defined but never used.\nL28: 'Activity' is defined but never used.\nL36: 'CardContent' is defined but never used.\nL36: 'CardHeader' is defined but never used.\nL36: 'CardTitle' is defined but never used.\nL452: Unnecessary escape character: \/.\nL621: Unnecessary escape character: \/.\nC:\Users\Eduar\OneDrive - Invest.E.S.S\16 - Automate\file-manager\file-manager\src\components\pipeline\cco-pipeline-view.tsx\nL7: 'FileCode' is defined but never used.\nC:\Users\Eduar\OneDrive - Invest.E.S.S\16 - Automate\file-manager\file-manager\src\components\pipeline\comercial-pipeline-view.tsx\nL163: 'CAMPOS_HIER' is assigned a value but never used.\nL1047: 'q' is defined but never used.\nC:\Users\Eduar\OneDrive - Invest.E.S.S\16 - Automate\file-manager\file-manager\src\components\pipeline\consolidador-pipeline-view.tsx\nL5: 'Database' is defined but never used.\nL7: 'FileCode' is defined but never used.\nL10: 'Download' is defined but never used.\nL11: 'CheckCircle2' is defined but never used.\nL12: 'UserCheck' is defined but never used.\nL19: 'ScrollArea' is defined but never used.\nL23: 'Badge' is defined but never used.\nL31: 'lastResult' is assigned a value but never used.\nC:\Users\Eduar\OneDrive - Invest.E.S.S\16 - Automate\file-manager\file-manager\src\components\pipeline\coordenador-pipeline-view.tsx\nL5: 'Upload' is defined but never used.\nL8: 'FileCode' is defined but never used.\nL40: 'Badge' is defined but never used.\nL213: 'maxBonus' is assigned a value but never used.\nC:\Users\Eduar\OneDrive - Invest.E.S.S\16 - Automate\file-manager\file-manager\src\components\pipeline\devolucoes-pipeline-view.tsx\nL5: 'FileCode' is defined but never used.\nL96: 'lastResult' is assigned a value but never used.\nC:\Users\Eduar\OneDrive - Invest.E.S.S\16 - Automate\file-manager\file-manager\src\components\pipeline\entregas-acumulada-cards.tsx\nL47: 'Badge' is defined but never used.\nC:\Users\Eduar\OneDrive - Invest.E.S.S\16 - Automate\file-manager\file-manager\src\components\pipeline\entregas-acumulada.tsx\nL86: Unnecessary escape character: \/.\nL86: Unnecessary escape character: \..\nC:\Users\Eduar\OneDrive - Invest.E.S.S\16 - Automate\file-manager\file-manager\src\components\pipeline\entregas-analitica.tsx\nL7: 'ServerCrash' is defined but never used.\nL7: 'CalendarDays' is defined but never used.\nL8: 'Building2' is defined but never used.\nL8: 'Hash' is defined but never used.\nL8: 'ChevronRight' is defined but never used.\nL16: 'ScrollArea' is defined but never used.\nL30: 'Separator' is defined but never used.\nL160: Unnecessary escape character: \/.\nL160: Unnecessary escape character: \..\nL499: '_itemId' is assigned a value but never used.\nL499: '__rowIdx' is assigned a value but never used.\nL664: 'showGerenciar' is assigned a value but never used.\nL779: '__rowIdx' is defined but never used.\nL909: Expected an assignment or function call and instead saw an expression.\nL928: '__rowIdx' is defined but never used.\nL957: '__rowIdx' is defined but never used.\nL1389: '__rowIdx' is defined but never used.\nC:\Users\Eduar\OneDrive - Invest.E.S.S\16 - Automate\file-manager\file-manager\src\components\pipeline\entregas-pipeline-view.tsx\nL6: 'Play' is defined but never used.\nL396: 'serialParaData' is defined but never used.\nL401: Unnecessary escape character: \/.\nL401: Unnecessary escape character: \..\nL401: Unnecessary escape character: \/.\nL401: Unnecessary escape character: \..\nL898: 'modoLabel' is assigned a value but never used.\nC:\Users\Eduar\OneDrive - Invest.E.S.S\16 - Automate\file-manager\file-manager\src\components\pipeline\faturista-pipeline-view.tsx\nL7: 'FileCode' is defined but never used.\nC:\Users\Eduar\OneDrive - Invest.E.S.S\16 - Automate\file-manager\file-manager\src\components\pipeline\funcionarios-pipeline-view.tsx\nL105: 'id' is assigned a value but never used.\nC:\Users\Eduar\OneDrive - Invest.E.S.S\16 - Automate\file-manager\file-manager\src\components\pipeline\incentivo-pipeline-view.tsx\nL5: 'LineChart' is defined but never used.\nL5: 'Line' is defined but never used.\nL5: 'XAxis' is defined but never used.\nL5: 'YAxis' is defined but never used.\nL5: 'CartesianGrid' is defined but never used.\nL5: 'Tooltip' is defined but never used.\nL5: 'Legend' is defined but never used.\nL5: 'ResponsiveContainer' is defined but never used.\nL6: 'BarChart' is defined but never used.\nL6: 'Bar' is defined but never used.\nL6: 'PieChart' is defined but never used.\nL6: 'Pie' is defined but never used.\nL6: 'Cell' is defined but never used.\nL9: 'Users' is defined but never used.\nL9: 'DollarSign' is defined but never used.\nL9: 'TrendingUp' is defined but never used.\nL9: 'TrendingDown' is defined but never used.\nL9: 'FileText' is defined but never used.\nL10: 'Filter' is defined but never used.\nL10: 'Download' is defined but never used.\nL10: 'Info' is defined but never used.\nL10: 'CheckCircle' is defined but never used.\nL10: 'AlertTriangle' is defined but never used.\nL15: 'CardFooter' is defined but never used.\nL16: 'Badge' is defined but never used.\nL18: 'Select' is defined but never used.\nL18: 'SelectContent' is defined but never used.\nL18: 'SelectItem' is defined but never used.\nL18: 'SelectTrigger' is defined but never used.\nL18: 'SelectValue' is defined but never used.\nL23: 'exportExcel' is defined but never used.\nL24: 'doc' is defined but never used.\nL24: 'setDoc' is defined but never used.\nL24: 'writeBatch' is defined but never used.\nL25: 'trackWrite' is defined but never used.\nL26: 'mainDocId' is defined but never used.\nC:\Users\Eduar\OneDrive - Invest.E.S.S\16 - Automate\file-manager\file-manager\src\components\pipeline\motivos-dev-pipeline-view.tsx\nL105: 'id' is assigned a value but never used.\nC:\Users\Eduar\OneDrive - Invest.E.S.S\16 - Automate\file-manager\file-manager\src\components\pipeline\ponto-pipeline-view.tsx\nL5: 'FileCode' is defined but never used.\nL115: 'lastResult' is assigned a value but never used.\nC:\Users\Eduar\OneDrive - Invest.E.S.S\16 - Automate\file-manager\file-manager\src\components\pipeline\retorno-pedidos-pipeline-view.tsx\nL7: 'FileCode' is defined but never used.\nL24: 'BarChart2' is defined but never used.\nC:\Users\Eduar\OneDrive - Invest.E.S.S\16 - Automate\file-manager\file-manager\src\components\pipeline\roadshow-pipeline-view.tsx\nL7: 'FileCode' is defined but never used.\nL188: 'resumoArit' is assigned a value but never used.\nC:\Users\Eduar\OneDrive - Invest.E.S.S\16 - Automate\file-manager\file-manager\src\components\pipeline\status-pipeline-view.tsx\nL978: 'mappedRow' is never reassigned. Use 'const' instead.\nC:\Users\Eduar\OneDrive - Invest.E.S.S\16 - Automate\file-manager\file-manager\src\components\pipeline\veiculos-pipeline-view.tsx\nL147: 'id' is assigned a value but never used.\nC:\Users\Eduar\OneDrive - Invest.E.S.S\16 - Automate\file-manager\file-manager\src\hooks\use-toast.ts\nL21: 'actionTypes' is assigned a value but only used as a type.\nC:\Users\Eduar\OneDrive - Invest.E.S.S\16 - Automate\file-manager\file-manager\src\lib\firebase.ts\nL9: 'where' is defined but never used.\nC:\Users\Eduar\OneDrive - Invest.E.S.S\16 - Automate\file-manager\file-manager\src\lib\firebase\fixCache.ts\nL2: 'getFirestore' is defined but never used.\nL2: 'clearIndexedDbPersistence' is defined but never used.\nL2: 'terminate' is defined but never used.\nL3: 'app' is defined but never used.\nC:\Users\Eduar\OneDrive - Invest.E.S.S\16 - Automate\file-manager\file-manager\src\lib\migration-scripts\migrate-entregas.ts\nL15: A `require()` style import is forbidden.\nC:\Users\Eduar\OneDrive - Invest.E.S.S\16 - Automate\file-manager\file-manager\src\pages\AI-Param-Assistant.tsx\nL42: 'error' is defined but never used.\nC:\Users\Eduar\OneDrive - Invest.E.S.S\16 - Automate\file-manager\file-manager\src\pages\Data-Viewer.tsx\nL4: 'AbsenteismoData' is defined but never used.\nL7: 'TableBody' is defined but never used.\nL8: 'TableCell' is defined but never used.\nC:\Users\Eduar\OneDrive - Invest.E.S.S\16 - Automate\file-manager\file-manager\src\pages\FirebaseUsage.tsx\nL7: 'TrendingUp' is defined but never used.\nL8: 'ExternalLink' is defined but never used.\nL252: 'id' is defined but never used.\nC:\Users\Eduar\OneDrive - Invest.E.S.S\16 - Automate\file-manager\file-manager\src\pages\HomePage.tsx\nL5: 'FileCheck' is defined but never used.\nL7: 'FileX' is defined but never used.\nL8: 'AlertTriangle' is defined but never used.\nC:\Users\Eduar\OneDrive - Invest.E.S.S\16 - Automate\file-manager\file-manager\src\pages\UserManagementPage.tsx\nL63: 'id' is assigned a value but never used.\n